// Jest Snapshot v1, https://goo.gl/fbAQLP

exports[`NavBar should match the snapshot 1`] = `
<nav>
  <h1>
    ComicCast
  </h1>
  <div
    className="navigation-links-container"
  >
    <NavLink
      className="navigation-links"
      to="/"
    >
      Home
    </NavLink>
    <NavLink
      className="navigation-links"
      to="/Search"
    >
      Search
    </NavLink>
  </div>
</nav>
`;
