// Jest Snapshot v1, https://goo.gl/fbAQLP

exports[`SearchResult should match the snapshot 1`] = `undefined`;

exports[`SearchResults should match the snapshot 1`] = `undefined`;
